Archive member included because of file (symbol)

c:/winavr-20100110/bin/../lib/gcc/avr/4.3.3/avr5\libgcc.a(_udivmodqi4.o)
                              ./mainApplication/LCD_main.o (__udivmodqi4)
c:/winavr-20100110/bin/../lib/gcc/avr/4.3.3/avr5\libgcc.a(_exit.o)
                              c:/winavr-20100110/bin/../lib/gcc/avr/4.3.3/../../../../avr/lib/avr5/crtm32.o (exit)
c:/winavr-20100110/bin/../lib/gcc/avr/4.3.3/avr5\libgcc.a(_copy_data.o)
                              ./mainApplication/LCD_main.o (__do_copy_data)
c:/winavr-20100110/bin/../lib/gcc/avr/4.3.3/avr5\libgcc.a(_clear_bss.o)
                              ./mainApplication/LCD_main.o (__do_clear_bss)

Memory Configuration

Name             Origin             Length             Attributes
text             0x00000000         0x00020000         xr
data             0x00800060         0x0000ffa0         rw !x
eeprom           0x00810000         0x00010000         rw !x
fuse             0x00820000         0x00000400         rw !x
lock             0x00830000         0x00000400         rw !x
signature        0x00840000         0x00000400         rw !x
*default*        0x00000000         0xffffffff

Linker script and memory map

LOAD c:/winavr-20100110/bin/../lib/gcc/avr/4.3.3/../../../../avr/lib/avr5/crtm32.o
LOAD ./mainApplication/LCD_main.o
LOAD ./lcd_files/LCD_Prog.o
LOAD ./headerfiles/tetris/Tetris_App.o
LOAD ./headerfiles/kpd/KPD_prog.o
LOAD ./headerfiles/keypadsFiles/KeyPad_Prog.o
LOAD ./headerfiles/DelayFiles/Delay_prog.o
LOAD ./headerfiles/DIOFiles/DIO_Prog.o
LOAD ./ADC_files/ADC_Prog.o
LOAD c:/winavr-20100110/bin/../lib/gcc/avr/4.3.3/avr5\libgcc.a
LOAD c:/winavr-20100110/bin/../lib/gcc/avr/4.3.3/../../../../avr/lib/avr5\libc.a
LOAD c:/winavr-20100110/bin/../lib/gcc/avr/4.3.3/avr5\libgcc.a

.hash
 *(.hash)

.dynsym
 *(.dynsym)

.dynstr
 *(.dynstr)

.gnu.version
 *(.gnu.version)

.gnu.version_d
 *(.gnu.version_d)

.gnu.version_r
 *(.gnu.version_r)

.rel.init
 *(.rel.init)

.rela.init
 *(.rela.init)

.rel.text
 *(.rel.text)
 *(.rel.text.*)
 *(.rel.gnu.linkonce.t*)

.rela.text
 *(.rela.text)
 *(.rela.text.*)
 *(.rela.gnu.linkonce.t*)

.rel.fini
 *(.rel.fini)

.rela.fini
 *(.rela.fini)

.rel.rodata
 *(.rel.rodata)
 *(.rel.rodata.*)
 *(.rel.gnu.linkonce.r*)

.rela.rodata
 *(.rela.rodata)
 *(.rela.rodata.*)
 *(.rela.gnu.linkonce.r*)

.rel.data
 *(.rel.data)
 *(.rel.data.*)
 *(.rel.gnu.linkonce.d*)

.rela.data
 *(.rela.data)
 *(.rela.data.*)
 *(.rela.gnu.linkonce.d*)

.rel.ctors
 *(.rel.ctors)

.rela.ctors
 *(.rela.ctors)

.rel.dtors
 *(.rel.dtors)

.rela.dtors
 *(.rela.dtors)

.rel.got
 *(.rel.got)

.rela.got
 *(.rela.got)

.rel.bss
 *(.rel.bss)

.rela.bss
 *(.rela.bss)

.rel.plt
 *(.rel.plt)

.rela.plt
 *(.rela.plt)

.text           0x00000000     0x239c
 *(.vectors)
 .vectors       0x00000000       0x54 c:/winavr-20100110/bin/../lib/gcc/avr/4.3.3/../../../../avr/lib/avr5/crtm32.o
                0x00000000                __vectors
                0x00000000                __vector_default
 *(.vectors)
 *(.progmem.gcc*)
 *(.progmem*)
                0x00000054                . = ALIGN (0x2)
                0x00000054                __trampolines_start = .
 *(.trampolines)
 .trampolines   0x00000054        0x0 linker stubs
 *(.trampolines*)
                0x00000054                __trampolines_end = .
 *(.jumptables)
 *(.jumptables*)
 *(.lowtext)
 *(.lowtext*)
                0x00000054                __ctors_start = .
 *(.ctors)
                0x00000054                __ctors_end = .
                0x00000054                __dtors_start = .
 *(.dtors)
                0x00000054                __dtors_end = .
 SORT(*)(.ctors)
 SORT(*)(.dtors)
 *(.init0)
 .init0         0x00000054        0x0 c:/winavr-20100110/bin/../lib/gcc/avr/4.3.3/../../../../avr/lib/avr5/crtm32.o
                0x00000054                __init
 *(.init0)
 *(.init1)
 *(.init1)
 *(.init2)
 .init2         0x00000054        0xc c:/winavr-20100110/bin/../lib/gcc/avr/4.3.3/../../../../avr/lib/avr5/crtm32.o
 *(.init2)
 *(.init3)
 *(.init3)
 *(.init4)
 .init4         0x00000060       0x16 c:/winavr-20100110/bin/../lib/gcc/avr/4.3.3/avr5\libgcc.a(_copy_data.o)
                0x00000060                __do_copy_data
 .init4         0x00000076       0x10 c:/winavr-20100110/bin/../lib/gcc/avr/4.3.3/avr5\libgcc.a(_clear_bss.o)
                0x00000076                __do_clear_bss
 *(.init4)
 *(.init5)
 *(.init5)
 *(.init6)
 *(.init6)
 *(.init7)
 *(.init7)
 *(.init8)
 *(.init8)
 *(.init9)
 .init9         0x00000086        0x8 c:/winavr-20100110/bin/../lib/gcc/avr/4.3.3/../../../../avr/lib/avr5/crtm32.o
 *(.init9)
 *(.text)
 .text          0x0000008e        0x4 c:/winavr-20100110/bin/../lib/gcc/avr/4.3.3/../../../../avr/lib/avr5/crtm32.o
                0x0000008e                __vector_1
                0x0000008e                __vector_12
                0x0000008e                __bad_interrupt
                0x0000008e                __vector_6
                0x0000008e                __vector_3
                0x0000008e                __vector_13
                0x0000008e                __vector_17
                0x0000008e                __vector_19
                0x0000008e                __vector_7
                0x0000008e                __vector_5
                0x0000008e                __vector_4
                0x0000008e                __vector_9
                0x0000008e                __vector_2
                0x0000008e                __vector_15
                0x0000008e                __vector_8
                0x0000008e                __vector_14
                0x0000008e                __vector_10
                0x0000008e                __vector_16
                0x0000008e                __vector_18
                0x0000008e                __vector_20
 .text          0x00000092        0x0 ./mainApplication/LCD_main.o
 .text          0x00000092        0x0 ./lcd_files/LCD_Prog.o
 .text          0x00000092        0x0 ./headerfiles/tetris/Tetris_App.o
 .text          0x00000092        0x0 ./headerfiles/kpd/KPD_prog.o
 .text          0x00000092        0x0 ./headerfiles/keypadsFiles/KeyPad_Prog.o
 .text          0x00000092        0x0 ./headerfiles/DelayFiles/Delay_prog.o
 .text          0x00000092        0x0 ./headerfiles/DIOFiles/DIO_Prog.o
 .text          0x00000092        0x0 ./ADC_files/ADC_Prog.o
 .text          0x00000092        0x0 c:/winavr-20100110/bin/../lib/gcc/avr/4.3.3/avr5\libgcc.a(_udivmodqi4.o)
 .text          0x00000092        0x0 c:/winavr-20100110/bin/../lib/gcc/avr/4.3.3/avr5\libgcc.a(_exit.o)
 .text          0x00000092        0x0 c:/winavr-20100110/bin/../lib/gcc/avr/4.3.3/avr5\libgcc.a(_copy_data.o)
 .text          0x00000092        0x0 c:/winavr-20100110/bin/../lib/gcc/avr/4.3.3/avr5\libgcc.a(_clear_bss.o)
                0x00000092                . = ALIGN (0x2)
 *(.text.*)
 .text.Timer0_voidInit
                0x00000092       0x26 ./mainApplication/LCD_main.o
                0x00000092                Timer0_voidInit
 .text.Timer0_voidReadTimer0TCNT0
                0x000000b8       0x24 ./mainApplication/LCD_main.o
                0x000000b8                Timer0_voidReadTimer0TCNT0
 .text.Timer0_voidCheckForInterupt
                0x000000dc       0x48 ./mainApplication/LCD_main.o
                0x000000dc                Timer0_voidCheckForInterupt
 .text.Display_OnDotMatrix
                0x00000124       0x98 ./mainApplication/LCD_main.o
                0x00000124                Display_OnDotMatrix
 .text.convert8by8to8by0matrix
                0x000001bc       0xfa ./mainApplication/LCD_main.o
                0x000001bc                convert8by8to8by0matrix
 .text.ShapeCapture
                0x000002b6       0x32 ./mainApplication/LCD_main.o
                0x000002b6                ShapeCapture
 .text.CheckBackGrnd
                0x000002e8      0x10e ./mainApplication/LCD_main.o
                0x000002e8                CheckBackGrnd
 .text.__vector_11
                0x000003f6       0xec ./mainApplication/LCD_main.o
                0x000003f6                __vector_11
 .text.main     0x000004e2      0x16e ./mainApplication/LCD_main.o
                0x000004e2                main
 .text.LCD_u8writeToDataPins
                0x00000650       0x7e ./lcd_files/LCD_Prog.o
 .text.LCD_u8Writecommand
                0x000006ce       0x8a ./lcd_files/LCD_Prog.o
                0x000006ce                LCD_u8Writecommand
 .text.LCD_u8WriteData
                0x00000758       0x8a ./lcd_files/LCD_Prog.o
                0x00000758                LCD_u8WriteData
 .text.LCD_VOIDInit
                0x000007e2       0xf2 ./lcd_files/LCD_Prog.o
                0x000007e2                LCD_VOIDInit
 .text.LCD_u8GotoXY
                0x000008d4       0x52 ./lcd_files/LCD_Prog.o
                0x000008d4                LCD_u8GotoXY
 .text.lCD_u8CLRScreen
                0x00000926       0x24 ./lcd_files/LCD_Prog.o
                0x00000926                lCD_u8CLRScreen
 .text.LCD_arabicmode
                0x0000094a       0x14 ./lcd_files/LCD_Prog.o
                0x0000094a                LCD_arabicmode
 .text.LCD_englishmode
                0x0000095e       0x14 ./lcd_files/LCD_Prog.o
                0x0000095e                LCD_englishmode
 .text.LCD_voidUploadCustomChar
                0x00000972       0x64 ./lcd_files/LCD_Prog.o
                0x00000972                LCD_voidUploadCustomChar
 .text.MatrixRotate
                0x000009d6       0x96 ./headerfiles/tetris/Tetris_App.o
                0x000009d6                MatrixRotate
 .text.MatrixEquality
                0x00000a6c       0x8e ./headerfiles/tetris/Tetris_App.o
                0x00000a6c                MatrixEquality
 .text.MatrixRotateInTheSameMatrix
                0x00000afa       0xb4 ./headerfiles/tetris/Tetris_App.o
                0x00000afa                MatrixRotateInTheSameMatrix
 .text.MatrixAdditionAtXY
                0x00000bae      0x206 ./headerfiles/tetris/Tetris_App.o
                0x00000bae                MatrixAdditionAtXY
 .text.MatrixAddition
                0x00000db4       0x48 ./headerfiles/tetris/Tetris_App.o
                0x00000db4                MatrixAddition
 .text.MatrixFlow
                0x00000dfc      0x1a8 ./headerfiles/tetris/Tetris_App.o
                0x00000dfc                MatrixFlow
 .text.addingThebackgroundTotheMovingPart
                0x00000fa4       0xb6 ./headerfiles/tetris/Tetris_App.o
                0x00000fa4                addingThebackgroundTotheMovingPart
 .text.updateThebackground
                0x0000105a       0x84 ./headerfiles/tetris/Tetris_App.o
                0x0000105a                updateThebackground
 .text.check4collisioion
                0x000010de      0x17e ./headerfiles/tetris/Tetris_App.o
                0x000010de                check4collisioion
 .text.KPD_voidInit
                0x0000125c       0x16 ./headerfiles/kpd/KPD_prog.o
                0x0000125c                KPD_voidInit
 .text.KPD_u8Read
                0x00001272      0x244 ./headerfiles/kpd/KPD_prog.o
                0x00001272                KPD_u8Read
 .text.KPD_GetBtn
                0x000014b6       0x66 ./headerfiles/kpd/KPD_prog.o
                0x000014b6                KPD_GetBtn
 .text.KeyPad_voidInit
                0x0000151c       0x5c ./headerfiles/keypadsFiles/KeyPad_Prog.o
                0x0000151c                KeyPad_voidInit
 .text.KeyPad_u8Read
                0x00001578       0x22 ./headerfiles/keypadsFiles/KeyPad_Prog.o
                0x00001578                KeyPad_u8Read
 .text.KeyPad_u8checkSwitch
                0x0000159a       0x22 ./headerfiles/keypadsFiles/KeyPad_Prog.o
                0x0000159a                KeyPad_u8checkSwitch
 .text.KeyPad_u8DebouncingSol
                0x000015bc      0x132 ./headerfiles/keypadsFiles/KeyPad_Prog.o
                0x000015bc                KeyPad_u8DebouncingSol
 .text.DIO_voidInit
                0x000016ee       0xa8 ./headerfiles/DIOFiles/DIO_Prog.o
                0x000016ee                DIO_voidInit
 .text.DIO_u8ReadPinValue
                0x00001796      0x1a8 ./headerfiles/DIOFiles/DIO_Prog.o
                0x00001796                DIO_u8ReadPinValue
 .text.DIO_u8WritePinVal
                0x0000193e      0x262 ./headerfiles/DIOFiles/DIO_Prog.o
                0x0000193e                DIO_u8WritePinVal
 .text.DIO_u8ReadPortVal
                0x00001ba0       0x9c ./headerfiles/DIOFiles/DIO_Prog.o
                0x00001ba0                DIO_u8ReadPortVal
 .text.DIO_u8WritePortVal
                0x00001c3c       0x9c ./headerfiles/DIOFiles/DIO_Prog.o
                0x00001c3c                DIO_u8WritePortVal
 .text.DIO_u8ReadPinDir
                0x00001cd8      0x1a8 ./headerfiles/DIOFiles/DIO_Prog.o
                0x00001cd8                DIO_u8ReadPinDir
 .text.DIO_u8ReadPortDir
                0x00001e80       0xa4 ./headerfiles/DIOFiles/DIO_Prog.o
                0x00001e80                DIO_u8ReadPortDir
 .text.DIO_u8WritePortDir
                0x00001f24       0x90 ./headerfiles/DIOFiles/DIO_Prog.o
                0x00001f24                DIO_u8WritePortDir
 .text.DIO_u8WritePinDir
                0x00001fb4      0x262 ./headerfiles/DIOFiles/DIO_Prog.o
                0x00001fb4                DIO_u8WritePinDir
 .text.ADC_voidinit
                0x00002216       0x1e ./ADC_files/ADC_Prog.o
                0x00002216                ADC_voidinit
 .text.ADC_u16ReadChannelFiltered
                0x00002234       0x24 ./ADC_files/ADC_Prog.o
                0x00002234                ADC_u16ReadChannelFiltered
 .text.ADC_u16ReadChannelOneShot
                0x00002258       0xd8 ./ADC_files/ADC_Prog.o
                0x00002258                ADC_u16ReadChannelOneShot
 .text.ADC_structReadGroup
                0x00002330       0x18 ./ADC_files/ADC_Prog.o
                0x00002330                ADC_structReadGroup
 .text.ADC_voidEnable
                0x00002348       0x1c ./ADC_files/ADC_Prog.o
                0x00002348                ADC_voidEnable
 .text.ADC_voidDisable
                0x00002364       0x1c ./ADC_files/ADC_Prog.o
                0x00002364                ADC_voidDisable
 .text.libgcc   0x00002380       0x18 c:/winavr-20100110/bin/../lib/gcc/avr/4.3.3/avr5\libgcc.a(_udivmodqi4.o)
                0x00002380                __udivmodqi4
 .text.libgcc   0x00002398        0x0 c:/winavr-20100110/bin/../lib/gcc/avr/4.3.3/avr5\libgcc.a(_exit.o)
 .text.libgcc   0x00002398        0x0 c:/winavr-20100110/bin/../lib/gcc/avr/4.3.3/avr5\libgcc.a(_copy_data.o)
 .text.libgcc   0x00002398        0x0 c:/winavr-20100110/bin/../lib/gcc/avr/4.3.3/avr5\libgcc.a(_clear_bss.o)
                0x00002398                . = ALIGN (0x2)
 *(.fini9)
 .fini9         0x00002398        0x0 c:/winavr-20100110/bin/../lib/gcc/avr/4.3.3/avr5\libgcc.a(_exit.o)
                0x00002398                exit
                0x00002398                _exit
 *(.fini9)
 *(.fini8)
 *(.fini8)
 *(.fini7)
 *(.fini7)
 *(.fini6)
 *(.fini6)
 *(.fini5)
 *(.fini5)
 *(.fini4)
 *(.fini4)
 *(.fini3)
 *(.fini3)
 *(.fini2)
 *(.fini2)
 *(.fini1)
 *(.fini1)
 *(.fini0)
 .fini0         0x00002398        0x4 c:/winavr-20100110/bin/../lib/gcc/avr/4.3.3/avr5\libgcc.a(_exit.o)
 *(.fini0)
                0x0000239c                _etext = .

.data           0x00800060       0xbe load address 0x0000239c
                0x00800060                PROVIDE (__data_start, .)
 *(.data)
 .data          0x00800060        0x0 c:/winavr-20100110/bin/../lib/gcc/avr/4.3.3/../../../../avr/lib/avr5/crtm32.o
 .data          0x00800060        0x0 ./mainApplication/LCD_main.o
 .data          0x00800060        0x0 ./lcd_files/LCD_Prog.o
 .data          0x00800060        0x0 ./headerfiles/tetris/Tetris_App.o
 .data          0x00800060        0x0 ./headerfiles/kpd/KPD_prog.o
 .data          0x00800060        0x0 ./headerfiles/keypadsFiles/KeyPad_Prog.o
 .data          0x00800060        0x0 ./headerfiles/DelayFiles/Delay_prog.o
 .data          0x00800060        0x0 ./headerfiles/DIOFiles/DIO_Prog.o
 .data          0x00800060        0x0 ./ADC_files/ADC_Prog.o
 .data          0x00800060        0x0 c:/winavr-20100110/bin/../lib/gcc/avr/4.3.3/avr5\libgcc.a(_udivmodqi4.o)
 .data          0x00800060        0x0 c:/winavr-20100110/bin/../lib/gcc/avr/4.3.3/avr5\libgcc.a(_exit.o)
 .data          0x00800060        0x0 c:/winavr-20100110/bin/../lib/gcc/avr/4.3.3/avr5\libgcc.a(_copy_data.o)
 .data          0x00800060        0x0 c:/winavr-20100110/bin/../lib/gcc/avr/4.3.3/avr5\libgcc.a(_clear_bss.o)
 *(.data*)
 .data.ShapesPtr
                0x00800060        0xe ./mainApplication/LCD_main.o
                0x00800060                ShapesPtr
 .data.Glopal_u8PartXPosition
                0x0080006e        0x1 ./mainApplication/LCD_main.o
                0x0080006e                Glopal_u8PartXPosition
 .data.Glopal_u8PartYPosition
                0x0080006f        0x1 ./mainApplication/LCD_main.o
                0x0080006f                Glopal_u8PartYPosition
 .data.glopal_u8mimecharacter
                0x00800070        0x8 ./mainApplication/LCD_main.o
                0x00800070                glopal_u8mimecharacter
 .data.glopal_u8haacharacter
                0x00800078        0x8 ./mainApplication/LCD_main.o
                0x00800078                glopal_u8haacharacter
 .data.glopal_u8wowcharacter
                0x00800080        0x8 ./mainApplication/LCD_main.o
                0x00800080                glopal_u8wowcharacter
 .data.glopal_u8dalcharacter
                0x00800088        0x8 ./mainApplication/LCD_main.o
                0x00800088                glopal_u8dalcharacter
 .data.arrayToTest
                0x00800090        0x8 ./mainApplication/LCD_main.o
                0x00800090                arrayToTest
 .data.array2ToTest
                0x00800098       0x40 ./mainApplication/LCD_main.o
                0x00800098                array2ToTest
 .data.global_u8LCDPins
                0x008000d8        0x8 ./lcd_files/LCD_Prog.o
                0x008000d8                global_u8LCDPins
 .data.KEYPAD_PRIVATE_u8ArrayOfRows
                0x008000e0        0x4 ./headerfiles/keypadsFiles/KeyPad_Prog.o
                0x008000e0                KEYPAD_PRIVATE_u8ArrayOfRows
 .data.KEYPAD_PRIVATE_u8ArrayOfCols
                0x008000e4        0x4 ./headerfiles/keypadsFiles/KeyPad_Prog.o
                0x008000e4                KEYPAD_PRIVATE_u8ArrayOfCols
 .data.local_u8StaticDownCounter.1299
                0x008000e8        0x1 ./headerfiles/keypadsFiles/KeyPad_Prog.o
 .data.local_u8StaticUpCounter.1298
                0x008000e9        0x1 ./headerfiles/keypadsFiles/KeyPad_Prog.o
 *(.rodata)
 *(.rodata*)
 .rodata.Ishape
                0x008000ea        0x4 ./mainApplication/LCD_main.o
                0x008000ea                Ishape
 .rodata.Tshape
                0x008000ee        0x4 ./mainApplication/LCD_main.o
                0x008000ee                Tshape
 .rodata.Lshape
                0x008000f2        0x4 ./mainApplication/LCD_main.o
                0x008000f2                Lshape
 .rodata.Sshape
                0x008000f6        0x4 ./mainApplication/LCD_main.o
                0x008000f6                Sshape
 .rodata.LIshape
                0x008000fa        0x4 ./mainApplication/LCD_main.o
                0x008000fa                LIshape
 .rodata.LTshape
                0x008000fe        0x4 ./mainApplication/LCD_main.o
                0x008000fe                LTshape
 .rodata.LTIshape
                0x00800102        0x4 ./mainApplication/LCD_main.o
                0x00800102                LTIshape
 .rodata.KPD_Btns
                0x00800106       0x11 ./headerfiles/kpd/KPD_prog.o
                0x00800106                KPD_Btns
 .rodata.KPD_MAP
                0x00800117        0x5 ./headerfiles/kpd/KPD_prog.o
                0x00800117                KPD_MAP
 .rodata.ChkErr
                0x0080011c        0x2 ./headerfiles/kpd/KPD_prog.o
                0x0080011c                ChkErr
 *(.gnu.linkonce.d*)
                0x0080011e                . = ALIGN (0x2)
                0x0080011e                _edata = .
                0x0080011e                PROVIDE (__data_end, .)

.bss            0x0080011e       0xcb
                0x0080011e                PROVIDE (__bss_start, .)
 *(.bss)
 .bss           0x0080011e        0x0 c:/winavr-20100110/bin/../lib/gcc/avr/4.3.3/../../../../avr/lib/avr5/crtm32.o
 .bss           0x0080011e        0x0 ./mainApplication/LCD_main.o
 .bss           0x0080011e        0x0 ./lcd_files/LCD_Prog.o
 .bss           0x0080011e        0x0 ./headerfiles/tetris/Tetris_App.o
 .bss           0x0080011e        0x0 ./headerfiles/kpd/KPD_prog.o
 .bss           0x0080011e        0x0 ./headerfiles/keypadsFiles/KeyPad_Prog.o
 .bss           0x0080011e        0x0 ./headerfiles/DelayFiles/Delay_prog.o
 .bss           0x0080011e        0x0 ./headerfiles/DIOFiles/DIO_Prog.o
 .bss           0x0080011e        0x0 ./ADC_files/ADC_Prog.o
 .bss           0x0080011e        0x0 c:/winavr-20100110/bin/../lib/gcc/avr/4.3.3/avr5\libgcc.a(_udivmodqi4.o)
 .bss           0x0080011e        0x0 c:/winavr-20100110/bin/../lib/gcc/avr/4.3.3/avr5\libgcc.a(_exit.o)
 .bss           0x0080011e        0x0 c:/winavr-20100110/bin/../lib/gcc/avr/4.3.3/avr5\libgcc.a(_copy_data.o)
 .bss           0x0080011e        0x0 c:/winavr-20100110/bin/../lib/gcc/avr/4.3.3/avr5\libgcc.a(_clear_bss.o)
 *(.bss*)
 .bss.temparr   0x0080011e        0x4 ./mainApplication/LCD_main.o
                0x0080011e                temparr
 .bss.local_u8Timer0OVFCounterledmatrix.1414
                0x00800122        0x1 ./mainApplication/LCD_main.o
 .bss.local_u8Timer0OVFCountermovingpart.1413
                0x00800123        0x1 ./mainApplication/LCD_main.o
 .bss.background
                0x00800124       0x40 ./headerfiles/tetris/Tetris_App.o
                0x00800124                background
 .bss.movingpart
                0x00800164       0x40 ./headerfiles/tetris/Tetris_App.o
                0x00800164                movingpart
 .bss.DotMatrix
                0x008001a4       0x40 ./headerfiles/tetris/Tetris_App.o
                0x008001a4                DotMatrix
 .bss.reault2.1325
                0x008001e4        0x1 ./headerfiles/tetris/Tetris_App.o
 .bss.reault1.1324
                0x008001e5        0x1 ./headerfiles/tetris/Tetris_App.o
 .bss.counter.1323
                0x008001e6        0x1 ./headerfiles/tetris/Tetris_App.o
 .bss.local_u8StaticOldVal.1301
                0x008001e7        0x1 ./headerfiles/keypadsFiles/KeyPad_Prog.o
 .bss.Local_U8State.1300
                0x008001e8        0x1 ./headerfiles/keypadsFiles/KeyPad_Prog.o
 *(COMMON)
                0x008001e9                PROVIDE (__bss_end, .)
                0x0000239c                __data_load_start = LOADADDR (.data)
                0x0000245a                __data_load_end = (__data_load_start + SIZEOF (.data))

.noinit         0x008001e9        0x0
                0x008001e9                PROVIDE (__noinit_start, .)
 *(.noinit*)
                0x008001e9                PROVIDE (__noinit_end, .)
                0x008001e9                _end = .
                0x008001e9                PROVIDE (__heap_start, .)

.eeprom         0x00810000        0x0
 *(.eeprom*)
                0x00810000                __eeprom_end = .

.fuse
 *(.fuse)
 *(.lfuse)
 *(.hfuse)
 *(.efuse)

.lock
 *(.lock*)

.signature
 *(.signature*)

.stab
 *(.stab)

.stabstr
 *(.stabstr)

.stab.excl
 *(.stab.excl)

.stab.exclstr
 *(.stab.exclstr)

.stab.index
 *(.stab.index)

.stab.indexstr
 *(.stab.indexstr)

.comment
 *(.comment)

.debug
 *(.debug)

.line
 *(.line)

.debug_srcinfo
 *(.debug_srcinfo)

.debug_sfnames
 *(.debug_sfnames)

.debug_aranges  0x00000000      0x230
 *(.debug_aranges)
 .debug_aranges
                0x00000000       0x60 ./mainApplication/LCD_main.o
 .debug_aranges
                0x00000060       0x60 ./lcd_files/LCD_Prog.o
 .debug_aranges
                0x000000c0       0x60 ./headerfiles/tetris/Tetris_App.o
 .debug_aranges
                0x00000120       0x30 ./headerfiles/kpd/KPD_prog.o
 .debug_aranges
                0x00000150       0x38 ./headerfiles/keypadsFiles/KeyPad_Prog.o
 .debug_aranges
                0x00000188       0x60 ./headerfiles/DIOFiles/DIO_Prog.o
 .debug_aranges
                0x000001e8       0x48 ./ADC_files/ADC_Prog.o

.debug_pubnames
                0x00000000      0x663
 *(.debug_pubnames)
 .debug_pubnames
                0x00000000      0x200 ./mainApplication/LCD_main.o
 .debug_pubnames
                0x00000200       0xcc ./lcd_files/LCD_Prog.o
 .debug_pubnames
                0x000002cc      0x110 ./headerfiles/tetris/Tetris_App.o
 .debug_pubnames
                0x000003dc       0x65 ./headerfiles/kpd/KPD_prog.o
 .debug_pubnames
                0x00000441       0xae ./headerfiles/keypadsFiles/KeyPad_Prog.o
 .debug_pubnames
                0x000004ef       0xd5 ./headerfiles/DIOFiles/DIO_Prog.o
 .debug_pubnames
                0x000005c4       0x9f ./ADC_files/ADC_Prog.o

.debug_info     0x00000000     0x1603
 *(.debug_info)
 .debug_info    0x00000000      0x4cd ./mainApplication/LCD_main.o
 .debug_info    0x000004cd      0x309 ./lcd_files/LCD_Prog.o
 .debug_info    0x000007d6      0x388 ./headerfiles/tetris/Tetris_App.o
 .debug_info    0x00000b5e      0x1bc ./headerfiles/kpd/KPD_prog.o
 .debug_info    0x00000d1a      0x38e ./headerfiles/keypadsFiles/KeyPad_Prog.o
 .debug_info    0x000010a8        0x0 ./headerfiles/DelayFiles/Delay_prog.o
 .debug_info    0x000010a8      0x33e ./headerfiles/DIOFiles/DIO_Prog.o
 .debug_info    0x000013e6      0x21d ./ADC_files/ADC_Prog.o
 *(.gnu.linkonce.wi.*)

.debug_abbrev   0x00000000      0x661
 *(.debug_abbrev)
 .debug_abbrev  0x00000000      0x140 ./mainApplication/LCD_main.o
 .debug_abbrev  0x00000140      0x100 ./lcd_files/LCD_Prog.o
 .debug_abbrev  0x00000240       0xbe ./headerfiles/tetris/Tetris_App.o
 .debug_abbrev  0x000002fe       0xcd ./headerfiles/kpd/KPD_prog.o
 .debug_abbrev  0x000003cb      0x114 ./headerfiles/keypadsFiles/KeyPad_Prog.o
 .debug_abbrev  0x000004df        0x1 ./headerfiles/DelayFiles/Delay_prog.o
 .debug_abbrev  0x000004e0       0xd3 ./headerfiles/DIOFiles/DIO_Prog.o
 .debug_abbrev  0x000005b3       0xae ./ADC_files/ADC_Prog.o

.debug_line     0x00000000     0x1be0
 *(.debug_line)
 .debug_line    0x00000000      0x688 ./mainApplication/LCD_main.o
 .debug_line    0x00000688      0x3dd ./lcd_files/LCD_Prog.o
 .debug_line    0x00000a65      0x3d5 ./headerfiles/tetris/Tetris_App.o
 .debug_line    0x00000e3a      0x27a ./headerfiles/kpd/KPD_prog.o
 .debug_line    0x000010b4      0x30e ./headerfiles/keypadsFiles/KeyPad_Prog.o
 .debug_line    0x000013c2       0x59 ./headerfiles/DelayFiles/Delay_prog.o
 .debug_line    0x0000141b      0x5db ./headerfiles/DIOFiles/DIO_Prog.o
 .debug_line    0x000019f6      0x1ea ./ADC_files/ADC_Prog.o

.debug_frame    0x00000000      0x380
 *(.debug_frame)
 .debug_frame   0x00000000       0xa0 ./mainApplication/LCD_main.o
 .debug_frame   0x000000a0       0xa0 ./lcd_files/LCD_Prog.o
 .debug_frame   0x00000140       0xa0 ./headerfiles/tetris/Tetris_App.o
 .debug_frame   0x000001e0       0x40 ./headerfiles/kpd/KPD_prog.o
 .debug_frame   0x00000220       0x50 ./headerfiles/keypadsFiles/KeyPad_Prog.o
 .debug_frame   0x00000270       0xa0 ./headerfiles/DIOFiles/DIO_Prog.o
 .debug_frame   0x00000310       0x70 ./ADC_files/ADC_Prog.o

.debug_str      0x00000000      0xc3c
 *(.debug_str)
 .debug_str     0x00000000      0x32a ./mainApplication/LCD_main.o
                                0x388 (size before relaxing)
 .debug_str     0x0000032a      0x17f ./lcd_files/LCD_Prog.o
                                0x234 (size before relaxing)
 .debug_str     0x000004a9      0x14e ./headerfiles/tetris/Tetris_App.o
                                0x246 (size before relaxing)
 .debug_str     0x000005f7       0xc8 ./headerfiles/kpd/KPD_prog.o
                                0x17d (size before relaxing)
 .debug_str     0x000006bf      0x251 ./headerfiles/keypadsFiles/KeyPad_Prog.o
                                0x32e (size before relaxing)
 .debug_str     0x00000910      0x17e ./headerfiles/DIOFiles/DIO_Prog.o
                                0x25b (size before relaxing)
 .debug_str     0x00000a8e      0x1ae ./ADC_files/ADC_Prog.o
                                0x263 (size before relaxing)

.debug_loc
 *(.debug_loc)

.debug_macinfo  0x00000000     0x9d70
 *(.debug_macinfo)
 .debug_macinfo
                0x00000000     0x1697 ./mainApplication/LCD_main.o
 .debug_macinfo
                0x00001697     0x135a ./lcd_files/LCD_Prog.o
 .debug_macinfo
                0x000029f1      0xbc1 ./headerfiles/tetris/Tetris_App.o
 .debug_macinfo
                0x000035b2     0x1365 ./headerfiles/kpd/KPD_prog.o
 .debug_macinfo
                0x00004917     0x12ee ./headerfiles/keypadsFiles/KeyPad_Prog.o
 .debug_macinfo
                0x00005c05      0xc45 ./headerfiles/DelayFiles/Delay_prog.o
 .debug_macinfo
                0x0000684a     0x2161 ./headerfiles/DIOFiles/DIO_Prog.o
 .debug_macinfo
                0x000089ab     0x13c5 ./ADC_files/ADC_Prog.o
OUTPUT(LCD.elf elf32-avr)
LOAD linker stubs

.debug_ranges   0x00000000      0x1f8
 .debug_ranges  0x00000000       0x58 ./mainApplication/LCD_main.o
 .debug_ranges  0x00000058       0x58 ./lcd_files/LCD_Prog.o
 .debug_ranges  0x000000b0       0x58 ./headerfiles/tetris/Tetris_App.o
 .debug_ranges  0x00000108       0x28 ./headerfiles/kpd/KPD_prog.o
 .debug_ranges  0x00000130       0x30 ./headerfiles/keypadsFiles/KeyPad_Prog.o
 .debug_ranges  0x00000160       0x58 ./headerfiles/DIOFiles/DIO_Prog.o
 .debug_ranges  0x000001b8       0x40 ./ADC_files/ADC_Prog.o
