Archive member included because of file (symbol)

c:/winavr-20100110/bin/../lib/gcc/avr/4.3.3/avr5\libgcc.a(_exit.o)
                              c:/winavr-20100110/bin/../lib/gcc/avr/4.3.3/../../../../avr/lib/avr5/crtm32.o (exit)
c:/winavr-20100110/bin/../lib/gcc/avr/4.3.3/avr5\libgcc.a(_copy_data.o)
                              ./mainApplication/LCD_main.o (__do_copy_data)
c:/winavr-20100110/bin/../lib/gcc/avr/4.3.3/avr5\libgcc.a(_clear_bss.o)
                              ./mainApplication/LCD_main.o (__do_clear_bss)

Memory Configuration

Name             Origin             Length             Attributes
text             0x00000000         0x00020000         xr
data             0x00800060         0x0000ffa0         rw !x
eeprom           0x00810000         0x00010000         rw !x
fuse             0x00820000         0x00000400         rw !x
lock             0x00830000         0x00000400         rw !x
signature        0x00840000         0x00000400         rw !x
*default*        0x00000000         0xffffffff

Linker script and memory map

LOAD c:/winavr-20100110/bin/../lib/gcc/avr/4.3.3/../../../../avr/lib/avr5/crtm32.o
LOAD ./mainApplication/LCD_main.o
LOAD ./lcd_files/LCD_Prog.o
LOAD ./headerfiles/tetris/Tetris_App.o
LOAD ./headerfiles/kpd/KPD_prog.o
LOAD ./headerfiles/keypadsFiles/KeyPad_Prog.o
LOAD ./headerfiles/DelayFiles/Delay_prog.o
LOAD ./headerfiles/DIOFiles/DIO_Prog.o
LOAD ./TIMER0/TIMER0.o
LOAD ./ADC_files/ADC_Prog.o
LOAD c:/winavr-20100110/bin/../lib/gcc/avr/4.3.3/avr5\libgcc.a
LOAD c:/winavr-20100110/bin/../lib/gcc/avr/4.3.3/../../../../avr/lib/avr5\libc.a
LOAD c:/winavr-20100110/bin/../lib/gcc/avr/4.3.3/avr5\libgcc.a

.hash
 *(.hash)

.dynsym
 *(.dynsym)

.dynstr
 *(.dynstr)

.gnu.version
 *(.gnu.version)

.gnu.version_d
 *(.gnu.version_d)

.gnu.version_r
 *(.gnu.version_r)

.rel.init
 *(.rel.init)

.rela.init
 *(.rela.init)

.rel.text
 *(.rel.text)
 *(.rel.text.*)
 *(.rel.gnu.linkonce.t*)

.rela.text
 *(.rela.text)
 *(.rela.text.*)
 *(.rela.gnu.linkonce.t*)

.rel.fini
 *(.rel.fini)

.rela.fini
 *(.rela.fini)

.rel.rodata
 *(.rel.rodata)
 *(.rel.rodata.*)
 *(.rel.gnu.linkonce.r*)

.rela.rodata
 *(.rela.rodata)
 *(.rela.rodata.*)
 *(.rela.gnu.linkonce.r*)

.rel.data
 *(.rel.data)
 *(.rel.data.*)
 *(.rel.gnu.linkonce.d*)

.rela.data
 *(.rela.data)
 *(.rela.data.*)
 *(.rela.gnu.linkonce.d*)

.rel.ctors
 *(.rel.ctors)

.rela.ctors
 *(.rela.ctors)

.rel.dtors
 *(.rel.dtors)

.rela.dtors
 *(.rela.dtors)

.rel.got
 *(.rel.got)

.rela.got
 *(.rela.got)

.rel.bss
 *(.rel.bss)

.rela.bss
 *(.rela.bss)

.rel.plt
 *(.rel.plt)

.rela.plt
 *(.rela.plt)

.text           0x00000000     0x2160
 *(.vectors)
 .vectors       0x00000000       0x54 c:/winavr-20100110/bin/../lib/gcc/avr/4.3.3/../../../../avr/lib/avr5/crtm32.o
                0x00000000                __vectors
                0x00000000                __vector_default
 *(.vectors)
 *(.progmem.gcc*)
 *(.progmem*)
                0x00000054                . = ALIGN (0x2)
                0x00000054                __trampolines_start = .
 *(.trampolines)
 .trampolines   0x00000054        0x0 linker stubs
 *(.trampolines*)
                0x00000054                __trampolines_end = .
 *(.jumptables)
 *(.jumptables*)
 *(.lowtext)
 *(.lowtext*)
                0x00000054                __ctors_start = .
 *(.ctors)
                0x00000054                __ctors_end = .
                0x00000054                __dtors_start = .
 *(.dtors)
                0x00000054                __dtors_end = .
 SORT(*)(.ctors)
 SORT(*)(.dtors)
 *(.init0)
 .init0         0x00000054        0x0 c:/winavr-20100110/bin/../lib/gcc/avr/4.3.3/../../../../avr/lib/avr5/crtm32.o
                0x00000054                __init
 *(.init0)
 *(.init1)
 *(.init1)
 *(.init2)
 .init2         0x00000054        0xc c:/winavr-20100110/bin/../lib/gcc/avr/4.3.3/../../../../avr/lib/avr5/crtm32.o
 *(.init2)
 *(.init3)
 *(.init3)
 *(.init4)
 .init4         0x00000060       0x16 c:/winavr-20100110/bin/../lib/gcc/avr/4.3.3/avr5\libgcc.a(_copy_data.o)
                0x00000060                __do_copy_data
 .init4         0x00000076       0x10 c:/winavr-20100110/bin/../lib/gcc/avr/4.3.3/avr5\libgcc.a(_clear_bss.o)
                0x00000076                __do_clear_bss
 *(.init4)
 *(.init5)
 *(.init5)
 *(.init6)
 *(.init6)
 *(.init7)
 *(.init7)
 *(.init8)
 *(.init8)
 *(.init9)
 .init9         0x00000086        0x8 c:/winavr-20100110/bin/../lib/gcc/avr/4.3.3/../../../../avr/lib/avr5/crtm32.o
 *(.init9)
 *(.text)
 .text          0x0000008e        0x4 c:/winavr-20100110/bin/../lib/gcc/avr/4.3.3/../../../../avr/lib/avr5/crtm32.o
                0x0000008e                __vector_12
                0x0000008e                __bad_interrupt
                0x0000008e                __vector_6
                0x0000008e                __vector_3
                0x0000008e                __vector_13
                0x0000008e                __vector_17
                0x0000008e                __vector_19
                0x0000008e                __vector_7
                0x0000008e                __vector_5
                0x0000008e                __vector_4
                0x0000008e                __vector_9
                0x0000008e                __vector_2
                0x0000008e                __vector_15
                0x0000008e                __vector_8
                0x0000008e                __vector_14
                0x0000008e                __vector_16
                0x0000008e                __vector_18
                0x0000008e                __vector_20
 .text          0x00000092        0x0 ./mainApplication/LCD_main.o
 .text          0x00000092        0x0 ./lcd_files/LCD_Prog.o
 .text          0x00000092        0x0 ./headerfiles/tetris/Tetris_App.o
 .text          0x00000092        0x0 ./headerfiles/kpd/KPD_prog.o
 .text          0x00000092        0x0 ./headerfiles/keypadsFiles/KeyPad_Prog.o
 .text          0x00000092        0x0 ./headerfiles/DelayFiles/Delay_prog.o
 .text          0x00000092        0x0 ./headerfiles/DIOFiles/DIO_Prog.o
 .text          0x00000092        0x0 ./TIMER0/TIMER0.o
 .text          0x00000092        0x0 ./ADC_files/ADC_Prog.o
 .text          0x00000092        0x0 c:/winavr-20100110/bin/../lib/gcc/avr/4.3.3/avr5\libgcc.a(_exit.o)
 .text          0x00000092        0x0 c:/winavr-20100110/bin/../lib/gcc/avr/4.3.3/avr5\libgcc.a(_copy_data.o)
 .text          0x00000092        0x0 c:/winavr-20100110/bin/../lib/gcc/avr/4.3.3/avr5\libgcc.a(_clear_bss.o)
                0x00000092                . = ALIGN (0x2)
 *(.text.*)
 .text.Interupt_voidTIMER0ISR
                0x00000092       0xaa ./mainApplication/LCD_main.o
                0x00000092                Interupt_voidTIMER0ISR
 .text.__vector_1
                0x0000013c       0x46 ./mainApplication/LCD_main.o
                0x0000013c                __vector_1
 .text.main     0x00000182       0xd8 ./mainApplication/LCD_main.o
                0x00000182                main
 .text.InteruptInit
                0x0000025a       0x38 ./mainApplication/LCD_main.o
                0x0000025a                InteruptInit
 .text.LCD_u8writeToDataPins
                0x00000292       0x7e ./lcd_files/LCD_Prog.o
 .text.LCD_u8Writecommand
                0x00000310       0x8a ./lcd_files/LCD_Prog.o
                0x00000310                LCD_u8Writecommand
 .text.LCD_u8WriteData
                0x0000039a       0x8a ./lcd_files/LCD_Prog.o
                0x0000039a                LCD_u8WriteData
 .text.LCD_VOIDInit
                0x00000424       0xf2 ./lcd_files/LCD_Prog.o
                0x00000424                LCD_VOIDInit
 .text.LCD_u8GotoXY
                0x00000516       0x52 ./lcd_files/LCD_Prog.o
                0x00000516                LCD_u8GotoXY
 .text.lCD_u8CLRScreen
                0x00000568       0x24 ./lcd_files/LCD_Prog.o
                0x00000568                lCD_u8CLRScreen
 .text.LCD_arabicmode
                0x0000058c       0x14 ./lcd_files/LCD_Prog.o
                0x0000058c                LCD_arabicmode
 .text.LCD_englishmode
                0x000005a0       0x14 ./lcd_files/LCD_Prog.o
                0x000005a0                LCD_englishmode
 .text.LCD_voidUploadCustomChar
                0x000005b4       0x64 ./lcd_files/LCD_Prog.o
                0x000005b4                LCD_voidUploadCustomChar
 .text.MatrixRotate
                0x00000618       0x96 ./headerfiles/tetris/Tetris_App.o
                0x00000618                MatrixRotate
 .text.MatrixEquality
                0x000006ae       0x8e ./headerfiles/tetris/Tetris_App.o
                0x000006ae                MatrixEquality
 .text.MatrixRotateInTheSameMatrix
                0x0000073c       0xb4 ./headerfiles/tetris/Tetris_App.o
                0x0000073c                MatrixRotateInTheSameMatrix
 .text.MatrixAdditionAtXY
                0x000007f0      0x206 ./headerfiles/tetris/Tetris_App.o
                0x000007f0                MatrixAdditionAtXY
 .text.MatrixAddition
                0x000009f6       0x48 ./headerfiles/tetris/Tetris_App.o
                0x000009f6                MatrixAddition
 .text.MatrixFlow
                0x00000a3e      0x1a8 ./headerfiles/tetris/Tetris_App.o
                0x00000a3e                MatrixFlow
 .text.addingThebackgroundTotheMovingPart
                0x00000be6       0xb6 ./headerfiles/tetris/Tetris_App.o
                0x00000be6                addingThebackgroundTotheMovingPart
 .text.updateThebackground
                0x00000c9c       0x84 ./headerfiles/tetris/Tetris_App.o
                0x00000c9c                updateThebackground
 .text.check4collisioion
                0x00000d20      0x17e ./headerfiles/tetris/Tetris_App.o
                0x00000d20                check4collisioion
 .text.KPD_voidInit
                0x00000e9e       0x16 ./headerfiles/kpd/KPD_prog.o
                0x00000e9e                KPD_voidInit
 .text.KPD_u8Read
                0x00000eb4      0x244 ./headerfiles/kpd/KPD_prog.o
                0x00000eb4                KPD_u8Read
 .text.KPD_GetBtn
                0x000010f8       0x66 ./headerfiles/kpd/KPD_prog.o
                0x000010f8                KPD_GetBtn
 .text.KeyPad_voidInit
                0x0000115e       0x5c ./headerfiles/keypadsFiles/KeyPad_Prog.o
                0x0000115e                KeyPad_voidInit
 .text.KeyPad_u8Read
                0x000011ba       0x22 ./headerfiles/keypadsFiles/KeyPad_Prog.o
                0x000011ba                KeyPad_u8Read
 .text.KeyPad_u8checkSwitch
                0x000011dc       0x22 ./headerfiles/keypadsFiles/KeyPad_Prog.o
                0x000011dc                KeyPad_u8checkSwitch
 .text.KeyPad_u8DebouncingSol
                0x000011fe      0x132 ./headerfiles/keypadsFiles/KeyPad_Prog.o
                0x000011fe                KeyPad_u8DebouncingSol
 .text.DIO_voidInit
                0x00001330       0xa6 ./headerfiles/DIOFiles/DIO_Prog.o
                0x00001330                DIO_voidInit
 .text.DIO_u8ReadPinValue
                0x000013d6      0x1a8 ./headerfiles/DIOFiles/DIO_Prog.o
                0x000013d6                DIO_u8ReadPinValue
 .text.DIO_u8WritePinVal
                0x0000157e      0x262 ./headerfiles/DIOFiles/DIO_Prog.o
                0x0000157e                DIO_u8WritePinVal
 .text.DIO_u8ReadPortVal
                0x000017e0       0x9c ./headerfiles/DIOFiles/DIO_Prog.o
                0x000017e0                DIO_u8ReadPortVal
 .text.DIO_u8WritePortVal
                0x0000187c       0x9c ./headerfiles/DIOFiles/DIO_Prog.o
                0x0000187c                DIO_u8WritePortVal
 .text.DIO_u8ReadPinDir
                0x00001918      0x1a8 ./headerfiles/DIOFiles/DIO_Prog.o
                0x00001918                DIO_u8ReadPinDir
 .text.DIO_u8ReadPortDir
                0x00001ac0       0xa4 ./headerfiles/DIOFiles/DIO_Prog.o
                0x00001ac0                DIO_u8ReadPortDir
 .text.DIO_u8WritePortDir
                0x00001b64       0x90 ./headerfiles/DIOFiles/DIO_Prog.o
                0x00001b64                DIO_u8WritePortDir
 .text.DIO_u8WritePinDir
                0x00001bf4      0x262 ./headerfiles/DIOFiles/DIO_Prog.o
                0x00001bf4                DIO_u8WritePinDir
 .text.Timer0_voidSet_ISR
                0x00001e56       0x24 ./TIMER0/TIMER0.o
                0x00001e56                Timer0_voidSet_ISR
 .text.Timer0_voidSet_ISRCompareMatch
                0x00001e7a       0x24 ./TIMER0/TIMER0.o
                0x00001e7a                Timer0_voidSet_ISRCompareMatch
 .text.Timer0_voidInit
                0x00001e9e       0x34 ./TIMER0/TIMER0.o
                0x00001e9e                Timer0_voidInit
 .text.Timer0_voidReadTimer0TCNT0
                0x00001ed2       0x24 ./TIMER0/TIMER0.o
                0x00001ed2                Timer0_voidReadTimer0TCNT0
 .text.Timer0_voidCheckForInterupt
                0x00001ef6       0x48 ./TIMER0/TIMER0.o
                0x00001ef6                Timer0_voidCheckForInterupt
 .text.__vector_11
                0x00001f3e       0x5a ./TIMER0/TIMER0.o
                0x00001f3e                __vector_11
 .text.__vector_10
                0x00001f98       0x5a ./TIMER0/TIMER0.o
                0x00001f98                __vector_10
 .text.ADC_voidinit
                0x00001ff2       0x1e ./ADC_files/ADC_Prog.o
                0x00001ff2                ADC_voidinit
 .text.ADC_u16ReadChannelFiltered
                0x00002010       0x24 ./ADC_files/ADC_Prog.o
                0x00002010                ADC_u16ReadChannelFiltered
 .text.ADC_u16ReadChannelOneShot
                0x00002034       0xd8 ./ADC_files/ADC_Prog.o
                0x00002034                ADC_u16ReadChannelOneShot
 .text.ADC_structReadGroup
                0x0000210c       0x18 ./ADC_files/ADC_Prog.o
                0x0000210c                ADC_structReadGroup
 .text.ADC_voidEnable
                0x00002124       0x1c ./ADC_files/ADC_Prog.o
                0x00002124                ADC_voidEnable
 .text.ADC_voidDisable
                0x00002140       0x1c ./ADC_files/ADC_Prog.o
                0x00002140                ADC_voidDisable
 .text.libgcc   0x0000215c        0x0 c:/winavr-20100110/bin/../lib/gcc/avr/4.3.3/avr5\libgcc.a(_exit.o)
 .text.libgcc   0x0000215c        0x0 c:/winavr-20100110/bin/../lib/gcc/avr/4.3.3/avr5\libgcc.a(_copy_data.o)
 .text.libgcc   0x0000215c        0x0 c:/winavr-20100110/bin/../lib/gcc/avr/4.3.3/avr5\libgcc.a(_clear_bss.o)
                0x0000215c                . = ALIGN (0x2)
 *(.fini9)
 .fini9         0x0000215c        0x0 c:/winavr-20100110/bin/../lib/gcc/avr/4.3.3/avr5\libgcc.a(_exit.o)
                0x0000215c                exit
                0x0000215c                _exit
 *(.fini9)
 *(.fini8)
 *(.fini8)
 *(.fini7)
 *(.fini7)
 *(.fini6)
 *(.fini6)
 *(.fini5)
 *(.fini5)
 *(.fini4)
 *(.fini4)
 *(.fini3)
 *(.fini3)
 *(.fini2)
 *(.fini2)
 *(.fini1)
 *(.fini1)
 *(.fini0)
 .fini0         0x0000215c        0x4 c:/winavr-20100110/bin/../lib/gcc/avr/4.3.3/avr5\libgcc.a(_exit.o)
 *(.fini0)
                0x00002160                _etext = .

.data           0x00800060       0x2e load address 0x00002160
                0x00800060                PROVIDE (__data_start, .)
 *(.data)
 .data          0x00800060        0x0 c:/winavr-20100110/bin/../lib/gcc/avr/4.3.3/../../../../avr/lib/avr5/crtm32.o
 .data          0x00800060        0x0 ./mainApplication/LCD_main.o
 .data          0x00800060        0x0 ./lcd_files/LCD_Prog.o
 .data          0x00800060        0x0 ./headerfiles/tetris/Tetris_App.o
 .data          0x00800060        0x0 ./headerfiles/kpd/KPD_prog.o
 .data          0x00800060        0x0 ./headerfiles/keypadsFiles/KeyPad_Prog.o
 .data          0x00800060        0x0 ./headerfiles/DelayFiles/Delay_prog.o
 .data          0x00800060        0x0 ./headerfiles/DIOFiles/DIO_Prog.o
 .data          0x00800060        0x0 ./TIMER0/TIMER0.o
 .data          0x00800060        0x0 ./ADC_files/ADC_Prog.o
 .data          0x00800060        0x0 c:/winavr-20100110/bin/../lib/gcc/avr/4.3.3/avr5\libgcc.a(_exit.o)
 .data          0x00800060        0x0 c:/winavr-20100110/bin/../lib/gcc/avr/4.3.3/avr5\libgcc.a(_copy_data.o)
 .data          0x00800060        0x0 c:/winavr-20100110/bin/../lib/gcc/avr/4.3.3/avr5\libgcc.a(_clear_bss.o)
 *(.data*)
 .data.pin3.1261
                0x00800060        0x1 ./mainApplication/LCD_main.o
 .data.pin2.1260
                0x00800061        0x1 ./mainApplication/LCD_main.o
 .data.pin1.1259
                0x00800062        0x1 ./mainApplication/LCD_main.o
 .data.global_u8LCDPins
                0x00800063        0x8 ./lcd_files/LCD_Prog.o
                0x00800063                global_u8LCDPins
 .data.KEYPAD_PRIVATE_u8ArrayOfRows
                0x0080006b        0x4 ./headerfiles/keypadsFiles/KeyPad_Prog.o
                0x0080006b                KEYPAD_PRIVATE_u8ArrayOfRows
 .data.KEYPAD_PRIVATE_u8ArrayOfCols
                0x0080006f        0x4 ./headerfiles/keypadsFiles/KeyPad_Prog.o
                0x0080006f                KEYPAD_PRIVATE_u8ArrayOfCols
 .data.local_u8StaticDownCounter.1299
                0x00800073        0x1 ./headerfiles/keypadsFiles/KeyPad_Prog.o
 .data.local_u8StaticUpCounter.1298
                0x00800074        0x1 ./headerfiles/keypadsFiles/KeyPad_Prog.o
 *(.rodata)
 *(.rodata*)
 .rodata.KPD_Btns
                0x00800075       0x11 ./headerfiles/kpd/KPD_prog.o
                0x00800075                KPD_Btns
 .rodata.KPD_MAP
                0x00800086        0x5 ./headerfiles/kpd/KPD_prog.o
                0x00800086                KPD_MAP
 .rodata.ChkErr
                0x0080008b        0x2 ./headerfiles/kpd/KPD_prog.o
                0x0080008b                ChkErr
 *(.gnu.linkonce.d*)
                0x0080008e                . = ALIGN (0x2)
 *fill*         0x0080008d        0x1 00
                0x0080008e                _edata = .
                0x0080008e                PROVIDE (__data_end, .)

.bss            0x0080008e       0xd4
                0x0080008e                PROVIDE (__bss_start, .)
 *(.bss)
 .bss           0x0080008e        0x0 c:/winavr-20100110/bin/../lib/gcc/avr/4.3.3/../../../../avr/lib/avr5/crtm32.o
 .bss           0x0080008e        0x0 ./mainApplication/LCD_main.o
 .bss           0x0080008e        0x0 ./lcd_files/LCD_Prog.o
 .bss           0x0080008e        0x0 ./headerfiles/tetris/Tetris_App.o
 .bss           0x0080008e        0x0 ./headerfiles/kpd/KPD_prog.o
 .bss           0x0080008e        0x0 ./headerfiles/keypadsFiles/KeyPad_Prog.o
 .bss           0x0080008e        0x0 ./headerfiles/DelayFiles/Delay_prog.o
 .bss           0x0080008e        0x0 ./headerfiles/DIOFiles/DIO_Prog.o
 .bss           0x0080008e        0x0 ./TIMER0/TIMER0.o
 .bss           0x0080008e        0x0 ./ADC_files/ADC_Prog.o
 .bss           0x0080008e        0x0 c:/winavr-20100110/bin/../lib/gcc/avr/4.3.3/avr5\libgcc.a(_exit.o)
 .bss           0x0080008e        0x0 c:/winavr-20100110/bin/../lib/gcc/avr/4.3.3/avr5\libgcc.a(_copy_data.o)
 .bss           0x0080008e        0x0 c:/winavr-20100110/bin/../lib/gcc/avr/4.3.3/avr5\libgcc.a(_clear_bss.o)
 *(.bss*)
 .bss.led1      0x0080008e        0x1 ./mainApplication/LCD_main.o
                0x0080008e                led1
 .bss.led2      0x0080008f        0x1 ./mainApplication/LCD_main.o
                0x0080008f                led2
 .bss.led3      0x00800090        0x1 ./mainApplication/LCD_main.o
                0x00800090                led3
 .bss.glopal_led1
                0x00800091        0x1 ./mainApplication/LCD_main.o
                0x00800091                glopal_led1
 .bss.glopal_led2
                0x00800092        0x1 ./mainApplication/LCD_main.o
                0x00800092                glopal_led2
 .bss.glopal_led3
                0x00800093        0x1 ./mainApplication/LCD_main.o
                0x00800093                glopal_led3
 .bss.glopal_int
                0x00800094        0x1 ./mainApplication/LCD_main.o
                0x00800094                glopal_int
 .bss.local_u8Timer0OVFCounter3.1258
                0x00800095        0x1 ./mainApplication/LCD_main.o
 .bss.local_u8Timer0OVFCounter2.1257
                0x00800096        0x1 ./mainApplication/LCD_main.o
 .bss.local_u8Timer0OVFCounter1.1256
                0x00800097        0x1 ./mainApplication/LCD_main.o
 .bss.local_u8counter.1297
                0x00800098        0x1 ./mainApplication/LCD_main.o
 .bss.background
                0x00800099       0x40 ./headerfiles/tetris/Tetris_App.o
                0x00800099                background
 .bss.movingpart
                0x008000d9       0x40 ./headerfiles/tetris/Tetris_App.o
                0x008000d9                movingpart
 .bss.DotMatrix
                0x00800119       0x40 ./headerfiles/tetris/Tetris_App.o
                0x00800119                DotMatrix
 .bss.reault2.1325
                0x00800159        0x1 ./headerfiles/tetris/Tetris_App.o
 .bss.reault1.1324
                0x0080015a        0x1 ./headerfiles/tetris/Tetris_App.o
 .bss.counter.1323
                0x0080015b        0x1 ./headerfiles/tetris/Tetris_App.o
 .bss.local_u8StaticOldVal.1301
                0x0080015c        0x1 ./headerfiles/keypadsFiles/KeyPad_Prog.o
 .bss.Local_U8State.1300
                0x0080015d        0x1 ./headerfiles/keypadsFiles/KeyPad_Prog.o
 .bss.Timer0_InteruptPointer
                0x0080015e        0x2 ./TIMER0/TIMER0.o
 .bss.Timer0_InteruptPointerTCNT0
                0x00800160        0x2 ./TIMER0/TIMER0.o
 *(COMMON)
                0x00800162                PROVIDE (__bss_end, .)
                0x00002160                __data_load_start = LOADADDR (.data)
                0x0000218e                __data_load_end = (__data_load_start + SIZEOF (.data))

.noinit         0x00800162        0x0
                0x00800162                PROVIDE (__noinit_start, .)
 *(.noinit*)
                0x00800162                PROVIDE (__noinit_end, .)
                0x00800162                _end = .
                0x00800162                PROVIDE (__heap_start, .)

.eeprom         0x00810000        0x0
 *(.eeprom*)
                0x00810000                __eeprom_end = .

.fuse
 *(.fuse)
 *(.lfuse)
 *(.hfuse)
 *(.efuse)

.lock
 *(.lock*)

.signature
 *(.signature*)

.stab           0x00000000     0x3138
 *(.stab)
 .stab          0x00000000      0x540 ./mainApplication/LCD_main.o
 .stab          0x00000540      0x6f0 ./lcd_files/LCD_Prog.o
                                0x6fc (size before relaxing)
 .stab          0x00000c30      0x8b8 ./headerfiles/tetris/Tetris_App.o
                                0x8c4 (size before relaxing)
 .stab          0x000014e8      0x3fc ./headerfiles/kpd/KPD_prog.o
                                0x408 (size before relaxing)
 .stab          0x000018e4      0x564 ./headerfiles/keypadsFiles/KeyPad_Prog.o
                                0x570 (size before relaxing)
 .stab          0x00001e48       0xd8 ./headerfiles/DelayFiles/Delay_prog.o
                                 0xe4 (size before relaxing)
 .stab          0x00001f20      0xb10 ./headerfiles/DIOFiles/DIO_Prog.o
                                0xb1c (size before relaxing)
 .stab          0x00002a30      0x348 ./TIMER0/TIMER0.o
                                0x354 (size before relaxing)
 .stab          0x00002d78      0x3c0 ./ADC_files/ADC_Prog.o
                                0x3cc (size before relaxing)

.stabstr        0x00000000     0x1824
 *(.stabstr)
 .stabstr       0x00000000     0x1824 ./mainApplication/LCD_main.o

.stab.excl
 *(.stab.excl)

.stab.exclstr
 *(.stab.exclstr)

.stab.index
 *(.stab.index)

.stab.indexstr
 *(.stab.indexstr)

.comment
 *(.comment)

.debug
 *(.debug)

.line
 *(.line)

.debug_srcinfo
 *(.debug_srcinfo)

.debug_sfnames
 *(.debug_sfnames)

.debug_aranges
 *(.debug_aranges)

.debug_pubnames
 *(.debug_pubnames)

.debug_info
 *(.debug_info)
 *(.gnu.linkonce.wi.*)

.debug_abbrev
 *(.debug_abbrev)

.debug_line
 *(.debug_line)

.debug_frame
 *(.debug_frame)

.debug_str
 *(.debug_str)

.debug_loc
 *(.debug_loc)

.debug_macinfo
 *(.debug_macinfo)
OUTPUT(Task3LEDSInterupts.elf elf32-avr)
LOAD linker stubs
